
===== BEGIN =====

===== Init1 =====

===== Run1 =====
new A: 0 
new B1: 0 
new C1: 0 
A: Start at time 0
B: Start at time 0
C: Start at time 0
B1: 0.116835 
B1: 3.60949 
C1: 4.16132 
A: 1 5.41002 
C1: 7.38328 
new A: 7.66634 
new B2: 7.66634 
new C2: 7.66634 
A: Start at time 7.66634
B: Start at time 7.66634
C: Start at time 7.66634
B2: 8.9962 
C2: 9.89889 
B1: 10.0227 
C1: 10.7382 
A: 2 11.1781 
A: 1 13.7979 
B2: 14.296 
C2: 14.4019 
A: 3 14.7086 
C1: 16.1503 
B1: 17.6085 
B1: 19.8576 
A: 2 20.8279 
C2: 22.0905 
C1: 22.9161 
B1: 23.0227 
A: 4 23.1942 
B2: 23.5109 
A: 3 24.2106 
B1: 26.5908 
A: 4 28.0352 
B2: 28.5577 
A: 5 29.2214 
C1: 29.8554 
B1: 30.4199 
C2: 31.1771 
B1: 32.4295 
C1: 33.5359 
A: 5 34.6746 
A: 6 35.977 
B2: 37.4311 
C1: 37.5549 
B1: 39.0479 
new A: 39.4073 
new B3: 39.4073 
new C3: 39.4073 
A: Start at time 39.4073
B: Start at time 39.4073
C: Start at time 39.4073
C2: 39.5294 
C3: 41.9797 
A: 1 42.5514 
A: 7 42.8311 
A: 8 43.9218 
C1: 44.3369 
A: 6 44.4065 
new A: 45.1146 
new B4: 45.1146 
new C4: 45.1146 
A: Start at time 45.1146
B: Start at time 45.1146
C: Start at time 45.1146
B1: 45.3128 
C2: 45.5072 
C2: 46.4991 
B3: 46.5 
B2: 46.9461 
C3: 47.1162 
C2: 47.799 
B1: 48.2823 
A: 2 48.9698 
A: 7 49.9017 
A: 1 50.3872 
C4: 50.884 
A: 2 51.1037 
A: 9 51.3942 
C1: 51.4295 
B2: 51.8145 
A: 8 52.0346 
A: 9 52.0856 
B4: 53.1892 
A: 10 53.242 
C4: 53.4476 
B4: 53.5648 
B3: 54.6022 
B4: 54.6859 
B4: 54.8203 
new A: 55.1306 
new B5: 55.1306 
new C5: 55.1306 
A: Start at time 55.1306
B: Start at time 55.1306
C: Start at time 55.1306
C3: 55.5559 
C2: 55.5882 
C1: 55.6429 
B5: 55.7147 
B1: 55.7748 
A: 11 55.8895 
C1: 57.9921 
A: 3 58.2568 
new A: 58.3777 
new B6: 58.3777 
new C6: 58.3777 
A: Start at time 58.3777
B: Start at time 58.3777
C: Start at time 58.3777
A: 10 58.8407 
B5: 59.0872 
B4: 59.4304 
A: 4 59.4768 
A: 12 59.6727 
B4: 59.7377 
C5: 60.3333 
B2: 60.3809 
A: 3 60.6285 
C4: 61.2169 
A: 13 61.4778 
A: 11 61.5196 
C1: 62.401 
C4: 62.4794 
B6: 62.5934 
C2: 62.6931 
C1: 62.8198 
B3: 62.8253 
C6: 62.9024 
A: 1 63.4036 
B1: 63.4251 
A: 1 63.4933 
A: 2 63.6325 
C2: 63.6415 
B6: 63.8423 
B6: 64.1669 
C3: 64.3014 
B1: 64.9517 
C1: 64.9757 
C2: 65.5946 
C6: 65.7771 
B2: 66.131 
A: 12 67.3886 
A: 5 67.7059 
B6: 68.0488 
C3: 68.0563 
B4: 68.2388 
B4: 68.3153 
A: 4 68.5228 
C5: 68.7684 
B5: 68.8194 
C4: 69.3427 
C1: 70.563 
A: 3 70.9145 
B3: 71.1793 
A: 2 71.2247 
B2: 71.3829 
A: 14 71.4353 
new A: 71.726 
new B7: 71.726 
new C7: 71.726 
A: Start at time 71.726
B: Start at time 71.726
C: Start at time 71.726
A: 13 71.7443 
A: 3 71.9206 
A: 5 72.0108 
A: 1 72.3377 
C5: 72.4724 
A: 6 72.8032 
B6: 72.8671 
B1: 73.019 
C5: 73.0401 
C2: 73.0739 
A: 14 73.6317 
C1: 73.7165 
C1: 73.9645 
C3: 74.0863 
A: 6 74.2914 
C5: 74.6267 
A: 15 74.6948 
B7: 74.7866 
B4: 75.0194 
C6: 75.1642 
A: 4 75.7841 
new A: 76.167 
new B8: 76.167 
new C8: 76.167 
A: Start at time 76.167
B: Start at time 76.167
C: Start at time 76.167
B6: 76.2632 
A: 4 76.8258 
B6: 76.8726 
A: 2 77.0159 
A: 3 77.7338 
B5: 78.2127 
A: 7 78.2567 
C4: 78.3801 
A: 15 78.4255 
C2: 78.487 
A: 1 78.7833 
C5: 78.9901 
B7: 79.1856 
B3: 79.2592 
C3: 79.5327 
B2: 79.8069 
B8: 80.1863 
C7: 80.3895 
B8: 80.5274 
C6: 80.6685 
C8: 80.7304 
A: 5 81.1152 
C1: 81.7431 
B1: 82.0523 
B4: 82.0941 
B1: 82.2457 
C8: 82.4651 
C4: 82.7294 
B7: 82.7909 
B6: 82.8205 
A: 16 83.253 
A: 16 83.3519 
A: 5 83.3975 
A: 7 84.2065 
C4: 84.3651 
B2: 85.0384 
C5: 85.1725 
A: 8 85.8236 
B3: 86.0975 
B5: 86.298 
C8: 86.458 
A: 6 86.7811 
A: 9 86.9655 
A: 17 87.069 
B7: 87.2213 
C5: 87.5283 
new A: 87.5346 
new B9: 87.5346 
new C9: 87.5346 
A: Start at time 87.5346
B: Start at time 87.5346
C: Start at time 87.5346
A: 2 87.5476 
C1: 87.6576 
A: 4 87.6645 
B6: 87.7973 
C2: 87.8421 
A: 18 88.2901 
C3: 88.5238 
C7: 88.8625 
A: 1 88.8908 
C4: 89.033 
C4: 89.5174 
A: 10 89.6438 
B2: 89.7486 
A: 5 89.7848 
A: 17 89.9302 
B8: 90.0697 
C6: 90.4812 
B4: 90.5056 
new A: 91.0114 
new B10: 91.0114 
new C10: 91.0114 
A: Start at time 91.0114
B: Start at time 91.0114
C: Start at time 91.0114
B1: 91.0403 
A: 8 91.0606 
C1: 91.2308 
B3: 91.3472 
C5: 91.3657 
C8: 91.4075 
C8: 91.8068 
A: 19 91.872 
B7: 91.9161 
A: 3 91.9617 
A: 6 92.1402 
A: 2 92.1525 
C9: 92.2464 
B10: 92.2838 
C2: 92.4612 
A: 7 92.4757 
B9: 92.5615 
A: 1 92.6852 
A: 11 92.7598 
A: 20 92.9164 
B10: 92.9369 
A: 21 93.2217 
C7: 93.3599 
C8: 93.431 
C4: 94.2808 
B1: 95.0126 
C3: 95.342 
B7: 95.4001 
B2: 95.7564 
new A: 95.8796 
new B11: 95.8796 
new C11: 95.8796 
A: Start at time 95.8796
B: Start at time 95.8796
C: Start at time 95.8796
C10: 95.9243 
B5: 95.982 
A: 4 96.009 
B5: 96.0896 
B6: 96.1864 
A: 8 96.4447 
A: 9 96.7404 
B8: 96.7532 
C9: 96.7697 
C6: 96.8049 
A: 6 96.8684 
C7: 96.9527 
B3: 97.3341 
C1: 97.3681 
C5: 97.6951 
C11: 97.7267 
B8: 97.7295 
C2: 98.1238 
A: 10 98.3706 
A: 18 98.4145 
B4: 98.5859 
B3: 98.6103 
C8: 98.7192 
C4: 98.7538 
A: 2 98.968 
C6: 99.0621 
B11: 99.1871 
A: 22 99.3862 
B3: 99.4292 
A: 7 99.5328 
C10: 99.7771 
A: 9 99.8463 
delete C9: 100 
delete B8: 100 
delete A: 100 
delete B10: 100 
delete C5: 100 
delete A: 100 
delete C4: 100 
delete C6: 100 
delete A: 100 
delete B9: 100 
delete A: 100 
delete A: 100 
delete B2: 100 
delete C1: 100 
delete A: 100 
delete C11: 100 
delete B5: 100 
delete B3: 100 
delete B7: 100 
delete A: 100 
delete C10: 100 
delete C3: 100 
delete B1: 100 
delete A: 100 
delete C2: 100 
delete B6: 100 
delete C7: 100 
delete C8: 100 
delete A: 100 
delete A: 100 
delete B4: 100 
delete B11: 100 
delete A: 100 

===== Init2 =====

===== Run2 =====
new A: 0 
new B1: 0 
new C1: 0 
A: Start at time 0
B: Start at time 0
C: Start at time 0
new A: 1.80391 
new B2: 1.80391 
new C2: 1.80391 
A: Start at time 1.80391
B: Start at time 1.80391
C: Start at time 1.80391
C2: 5.82125 
A: 1 6.80637 
B1: 7.16013 
B1: 7.27594 
C1: 7.91379 
B2: 8.50147 
B2: 10.26 
B1: 10.5866 
A: 2 10.8435 
new A: 11.0051 
new B3: 11.0051 
new C3: 11.0051 
A: Start at time 11.0051
B: Start at time 11.0051
C: Start at time 11.0051
C2: 11.2281 
A: 1 11.755 
C1: 13.2407 
C2: 14.4123 
A: 2 14.6364 
C2: 15.7364 
C3: 15.7685 
new A: 16.206 
new B4: 16.206 
new C4: 16.206 
A: Start at time 16.206
B: Start at time 16.206
C: Start at time 16.206
C2: 16.3462 
C4: 16.4134 
B2: 17.8353 
C2: 18.41 
B1: 18.5003 
A: 3 18.5932 
A: 1 18.8293 
B1: 19.7702 
B3: 19.8528 
A: 1 19.9415 
B4: 20.1354 
B1: 20.1411 
A: 4 20.3066 
A: 3 21.3359 
B1: 21.9261 
new A: 22.8441 
new B5: 22.8441 
new C5: 22.8441 
A: Start at time 22.8441
B: Start at time 22.8441
C: Start at time 22.8441
C1: 23.2367 
B2: 23.2584 
C3: 23.5348 
C1: 23.5823 
B1: 24.2634 
A: 5 24.4301 
A: 4 24.768 
A: 2 24.9098 
C1: 25.5203 
C1: 25.6663 
A: 1 25.7244 
C4: 26.1136 
C5: 26.4717 
B5: 26.5678 
B4: 27.0699 
C2: 27.7383 
A: 5 28.9098 
A: 2 28.9532 
B1: 29.3212 
A: 2 29.4477 
B3: 29.6079 
C4: 30.0635 
A: 3 30.0946 
B4: 30.576 
C3: 30.9717 
C1: 31.8387 
C4: 31.912 
C4: 32.5989 
A: 6 32.8922 
B2: 33.0838 
A: 6 33.1274 
C5: 33.3169 
B5: 33.4747 
A: 3 33.8032 
A: 4 34.8049 
C2: 34.8623 
A: 7 35.1474 
A: 3 35.3107 
B4: 35.3818 
A: 5 36.3798 
C1: 37.0729 
B1: 37.2771 
C3: 37.428 
A: 7 37.8194 
B2: 38.0757 
B3: 38.6584 
C4: 39.7829 
C5: 39.931 
A: 8 40.5413 
A: 4 41.2683 
B1: 41.7586 
A: 8 42.5685 
A: 4 42.6236 
B2: 42.7155 
A: 6 42.886 
C2: 42.8923 
A: 5 42.9435 
B5: 43.0654 
B4: 43.1732 
C5: 43.7465 
C4: 43.9735 
B1: 44.06 
A: 6 44.4381 
C1: 45.2243 
new A: 45.347 
new B6: 45.347 
new C6: 45.347 
A: Start at time 45.347
B: Start at time 45.347
C: Start at time 45.347
B5: 45.5429 
A: 5 45.6233 
B3: 45.7828 
C3: 46.0319 
new A: 46.0982 
new B7: 46.0982 
new C7: 46.0982 
A: Start at time 46.0982
B: Start at time 46.0982
C: Start at time 46.0982
B2: 46.1896 
A: 7 46.3351 
C6: 46.9631 
A: 9 46.9806 
C2: 47.2372 
A: 1 47.476 
B3: 47.8355 
B4: 48.1315 
C3: 48.22 
C2: 48.3377 
B6: 50.1932 
A: 10 50.2809 
B4: 50.3441 
C7: 50.8652 
A: 9 50.9476 
C2: 51.0067 
B1: 51.4942 
B7: 51.5357 
C1: 51.6856 
A: 2 51.8924 
C5: 52.2582 
B4: 52.6637 
A: 11 52.6981 
C5: 52.7608 
A: 7 52.7981 
new A: 53.2461 
new B8: 53.2461 
new C8: 53.2461 
A: Start at time 53.2461
B: Start at time 53.2461
C: Start at time 53.2461
C4: 53.2709 
B5: 53.518 
C4: 53.7205 
C3: 53.9128 
B8: 54.1756 
A: 1 54.2743 
A: 6 54.346 
C4: 54.5773 
C8: 54.715 
B6: 54.8397 
A: 8 55.5263 
C8: 55.7967 
A: 1 55.826 
C6: 55.9339 
B2: 55.9817 
B5: 56.0529 
C6: 56.1265 
C7: 56.7871 
B3: 57.4587 
A: 9 57.724 
C1: 57.8824 
C6: 58.0119 
B2: 58.1195 
B4: 59.0459 
C4: 59.1361 
A: 2 59.5464 
A: 10 59.8795 
C2: 59.9738 
B8: 60.0073 
A: 12 60.4471 
A: 2 60.5875 
B6: 60.8837 
B8: 60.9671 
A: 3 60.9893 
B6: 61.0047 
B1: 61.0889 
B7: 61.3422 
A: 3 61.5777 
A: 10 61.6195 
B5: 61.6543 
A: 8 61.656 
B8: 61.7124 
A: 9 62.0126 
C5: 62.1664 
C5: 63.2201 
C7: 63.3304 
C2: 63.4324 
C4: 63.597 
C3: 63.6664 
new A: 63.7121 
new B9: 63.7121 
new C9: 63.7121 
A: Start at time 63.7121
B: Start at time 63.7121
C: Start at time 63.7121
C8: 63.7296 
B4: 63.93 
A: 7 63.9772 
A: 11 64.2367 
B1: 64.3142 
A: 3 64.5581 
A: 11 64.7304 
B2: 64.8183 
B3: 64.9052 
B1: 65.0053 
B9: 65.2379 
C1: 65.8411 
new A: 66.069 
new B10: 66.069 
new C10: 66.069 
A: Start at time 66.069
B: Start at time 66.069
C: Start at time 66.069
B5: 66.0759 
B3: 66.2046 
B10: 66.2273 
C2: 66.3044 
B9: 66.3162 
B2: 66.3244 
A: 8 66.4197 
B3: 66.4968 
C3: 66.603 
A: 13 66.7245 
A: 9 66.7388 
A: 14 66.9595 
C6: 67.023 
B7: 67.3627 
A: 4 67.5125 
B2: 67.5326 
C9: 67.7024 
B6: 69.0172 
A: 10 69.2037 
C8: 69.4113 
A: 12 69.7327 
A: 4 70.2383 
C5: 70.3855 
A: 4 70.4461 
C9: 70.5027 
A: 5 70.5744 
C1: 70.5979 
B8: 70.6496 
C2: 70.8013 
C10: 71.0513 
A: 12 71.1459 
A: 10 71.4308 
B4: 71.6246 
C3: 71.6908 
C6: 71.6947 
C6: 71.735 
A: 11 71.864 
C7: 72.4104 
B7: 72.6763 
A: 1 72.8086 
C4: 72.8568 
A: 13 72.8998 
B9: 73.2418 
C7: 73.5621 
C6: 73.7437 
B2: 73.7836 
B1: 73.8069 
C5: 74.0032 
new A: 74.1252 
new B11: 74.1252 
new C11: 74.1252 
A: Start at time 74.1252
B: Start at time 74.1252
C: Start at time 74.1252
B1: 74.1367 
C8: 74.2794 
C1: 74.7338 
A: 15 74.8534 
B5: 74.8782 
B7: 74.9189 
B8: 75.0767 
C7: 75.3876 
B8: 75.4155 
A: 1 75.5749 
A: 11 75.6225 
C3: 75.6686 
B10: 75.7736 
B6: 75.7793 
A: 16 75.8682 
C10: 75.9095 
A: 12 76.0856 
C4: 76.1021 
B3: 76.2879 
C1: 76.9373 
C3: 77.0418 
A: 2 77.4431 
B2: 77.5277 
C9: 77.553 
A: 13 77.7091 
C1: 77.9202 
B2: 77.972 
C2: 78.0666 
C11: 78.3335 
B4: 78.7571 
B9: 78.8782 
B8: 78.9387 
A: 1 78.9541 
A: 14 78.9917 
B6: 78.9996 
B5: 79.0624 
A: 5 79.0715 
C11: 79.3325 
B6: 79.5614 
A: 6 79.7372 
C8: 79.805 
A: 5 79.9165 
B7: 79.9633 
C8: 80.1526 
B10: 80.1658 
B8: 80.3362 
B11: 80.3951 
A: 2 80.6201 
C8: 80.6541 
B3: 80.8759 
B6: 81.5433 
A: 12 81.7464 
B3: 81.9609 
C11: 82.0192 
C2: 82.1743 
A: 15 82.7078 
A: 3 83.0397 
C6: 83.0533 
A: 17 83.1293 
C7: 83.3372 
C5: 83.3434 
B1: 83.5221 
A: 14 83.5367 
C10: 83.5571 
C9: 83.6029 
B8: 83.6589 
A: 6 83.6772 
C11: 84.0181 
C10: 84.1234 
B9: 84.132 
B11: 84.2113 
B3: 84.3375 
B2: 84.3777 
C11: 84.7605 
C5: 84.856 
B3: 84.9127 
A: 13 85.0162 
C4: 85.1847 
A: 2 85.4158 
B10: 85.4641 
new A: 85.5898 
new B12: 85.5898 
new C12: 85.5898 
A: Start at time 85.5898
B: Start at time 85.5898
C: Start at time 85.5898
C10: 85.5922 
A: 3 86.0013 
A: 13 86.1197 
C1: 86.2048 
A: 15 86.381 
A: 6 86.3923 
C9: 86.4192 
B1: 86.4438 
B3: 86.714 
B11: 86.8212 
C3: 86.8736 
C8: 87.0973 
A: 4 87.4507 
B5: 87.6138 
C11: 87.7946 
B4: 87.83 
B6: 87.912 
B2: 87.9267 
B3: 88.0555 
C1: 88.1051 
B9: 88.7118 
A: 18 88.7453 
B9: 88.8998 
A: 7 88.9238 
A: 3 88.9786 
B10: 89.0446 
C8: 89.1931 
A: 7 89.5051 
A: 5 89.5351 
B1: 89.7697 
B7: 89.9506 
C9: 89.9558 
C5: 90.1336 
B4: 90.3296 
C3: 90.3975 
B7: 90.4923 
C3: 90.5335 
A: 8 90.6708 
C8: 90.8014 
A: 14 90.8336 
A: 16 90.8432 
B4: 90.8446 
C7: 90.9903 
C4: 91.0223 
B8: 91.2727 
B9: 91.4349 
A: 15 91.5593 
new A: 91.7708 
new B13: 91.7708 
new C13: 91.7708 
A: Start at time 91.7708
B: Start at time 91.7708
C: Start at time 91.7708
C5: 91.8422 
A: 9 91.9518 
C2: 91.983 
A: 7 92.0083 
B9: 92.0515 
C6: 92.1348 
A: 6 92.1389 
A: 4 92.1451 
C12: 92.1826 
C2: 92.24 
B1: 92.6596 
A: 19 92.7826 
B11: 92.8745 
A: 16 92.8766 
C13: 93.0218 
A: 4 93.0308 
B12: 93.4386 
C4: 93.639 
C7: 94.0152 
A: 14 94.0189 
B13: 94.1004 
A: 8 94.1413 
A: 17 94.1707 
C11: 94.1947 
A: 18 94.2957 
B12: 94.4307 
C2: 94.488 
C5: 95.0225 
B3: 95.0735 
A: 1 95.0826 
B9: 95.1149 
A: 1 95.1583 
B4: 95.2397 
C10: 95.2513 
B5: 95.2915 
C3: 95.3002 
C1: 95.42 
C9: 95.6343 
A: 9 95.7036 
A: 2 96.0841 
A: 5 96.2197 
new A: 96.3725 
new B14: 96.3725 
new C14: 96.3725 
A: Start at time 96.3725
B: Start at time 96.3725
C: Start at time 96.3725
A: 5 96.4556 
A: 1 96.6108 
C4: 96.799 
B6: 97.09 
B2: 97.3907 
C12: 97.5253 
B10: 97.6123 
A: 7 97.7046 
A: 2 97.7621 
C8: 97.7952 
B7: 97.9054 
A: 6 97.9252 
C6: 97.9472 
A: 8 98.0597 
A: 15 98.0826 
A: 16 98.1253 
new A: 98.1573 
new B15: 98.1573 
new C15: 98.1573 
A: Start at time 98.1573
B: Start at time 98.1573
C: Start at time 98.1573
A: 2 98.1726 
C7: 98.2415 
B14: 98.2431 
A: 3 98.2586 
C5: 98.2648 
new A: 98.2747 
new B16: 98.2747 
new C16: 98.2747 
A: Start at time 98.2747
B: Start at time 98.2747
C: Start at time 98.2747
A: 16 98.467 
C13: 98.5924 
B1: 98.77 
B11: 98.7921 
C9: 99.1059 
A: 3 99.1498 
A: 19 99.3057 
C3: 99.3067 
C8: 99.4659 
B9: 99.5316 
B13: 99.8026 
C16: 99.8039 
A: 20 99.9936 
delete C1: 100 
delete A: 100 
delete A: 100 
delete B3: 100 
delete C7: 100 
delete A: 100 
delete A: 100 
delete B8: 100 
delete A: 100 
delete A: 100 
delete C3: 100 
delete B10: 100 
delete C4: 100 
delete B6: 100 
delete C11: 100 
delete B12: 100 
delete A: 100 
delete B13: 100 
delete A: 100 
delete B4: 100 
delete A: 100 
delete C9: 100 
delete C10: 100 
delete A: 100 
delete A: 100 
delete A: 100 
delete C2: 100 
delete B5: 100 
delete C12: 100 
delete C14: 100 
delete B2: 100 
delete B16: 100 
delete B11: 100 
delete C15: 100 
delete B14: 100 
delete A: 100 
delete C5: 100 
delete B7: 100 
delete A: 100 
delete A: 100 
delete B1: 100 
delete B9: 100 
delete C6: 100 
delete B15: 100 
delete A: 100 
delete C13: 100 
delete C8: 100 
delete C16: 100 

===== Init3 =====

===== Run3 =====
new A: 0 
new B1: 0 
new C1: 0 
A: Start at time 0
B: Start at time 0
C: Start at time 0
new A: 0.363911 
new B2: 0.363911 
new C2: 0.363911 
A: Start at time 0.363911
B: Start at time 0.363911
C: Start at time 0.363911
B2: 0.674717 
A: 1 2.54931 
B2: 2.77327 
C2: 2.83048 
new A: 2.93263 
new B3: 2.93263 
new C3: 2.93263 
A: Start at time 2.93263
B: Start at time 2.93263
C: Start at time 2.93263
A: 2 3.76396 
C2: 4.51019 
A: 3 6.44355 
C1: 7.52417 
A: 1 8.18698 
B2: 8.854 
B2: 9.0298 
B1: 9.04515 
A: 1 9.165 
C3: 9.37749 
B2: 10.9412 
C2: 11.1844 
A: 2 11.8585 
B3: 11.8805 
C2: 12.1373 
B1: 14.1064 
C1: 14.3263 
C2: 15.5651 
A: 2 15.6519 
A: 4 16.1059 
C3: 16.437 
A: 3 17.0246 
B2: 18.1193 
A: 3 18.3202 
new A: 18.3565 
new B4: 18.3565 
new C4: 18.3565 
A: Start at time 18.3565
B: Start at time 18.3565
C: Start at time 18.3565
A: 1 18.8732 
new A: 19.1187 
new B5: 19.1187 
new C5: 19.1187 
A: Start at time 19.1187
B: Start at time 19.1187
C: Start at time 19.1187
C4: 19.8365 
A: 5 20.1594 
B2: 20.1838 
B3: 20.2186 
A: 4 20.48 
A: 4 21.2311 
B1: 21.2769 
C2: 21.5475 
A: 1 21.5672 
C5: 21.7004 
A: 2 21.7454 
C1: 21.9688 
C5: 22.1158 
C2: 22.2576 
A: 2 22.654 
B2: 22.8399 
B3: 22.8957 
A: 5 23.2159 
A: 5 23.3792 
B1: 23.827 
B2: 23.8272 
new A: 24.1201 
new B6: 24.1201 
new C6: 24.1201 
A: Start at time 24.1201
B: Start at time 24.1201
C: Start at time 24.1201
A: 6 24.1322 
C2: 24.8336 
B5: 25.1608 
C1: 25.7131 
C3: 26.2826 
A: 3 26.3922 
A: 6 26.7722 
B5: 27.3185 
B4: 27.9223 
A: 6 28.0307 
C4: 28.3784 
C3: 28.6123 
C1: 28.779 
C2: 28.9379 
C5: 29.2332 
A: 7 29.234 
C2: 29.8732 
B5: 29.9079 
A: 4 30.3131 
B2: 30.3438 
C3: 30.574 
B5: 30.677 
C5: 30.8756 
A: 3 31.8841 
C1: 32.0301 
C2: 32.0758 
B1: 32.2024 
B3: 32.5692 
A: 1 32.6557 
C6: 32.7813 
C4: 32.8125 
new A: 32.9487 
new B7: 32.9487 
new C7: 32.9487 
A: Start at time 32.9487
B: Start at time 32.9487
C: Start at time 32.9487
B6: 32.9818 
C2: 33.9072 
B5: 33.9934 
A: 5 34.0836 
A: 7 34.2839 
A: 7 34.4495 
C5: 34.6737 
C7: 34.7674 
A: 4 35.2755 
C1: 35.624 
B5: 35.6275 
A: 6 35.9076 
B4: 36.4513 
B5: 36.4597 
B2: 36.8152 
C6: 36.8654 
A: 8 37.756 
C3: 37.7561 
C7: 37.7672 
C2: 38.4658 
C6: 38.982 
C2: 39.0231 
B4: 39.6348 
new A: 39.6526 
new B8: 39.6526 
new C8: 39.6526 
A: Start at time 39.6526
B: Start at time 39.6526
C: Start at time 39.6526
A: 8 39.7081 
C2: 39.7568 
C1: 40.1132 
C2: 40.2582 
new A: 40.2703 
new B9: 40.2703 
new C9: 40.2703 
A: Start at time 40.2703
B: Start at time 40.2703
C: Start at time 40.2703
B3: 40.3472 
A: 8 40.3566 
B5: 40.435 
B3: 40.4762 
B1: 40.6279 
B7: 40.7725 
A: 1 41.4478 
C4: 41.8 
A: 2 41.9474 
B8: 41.9764 
A: 3 42.1312 
A: 1 42.2929 
B2: 42.5315 
A: 1 42.5552 
B3: 42.7397 
B6: 42.8046 
A: 9 42.8542 
B3: 43.1245 
B7: 43.274 
B5: 43.368 
A: 5 44.4255 
A: 2 44.4277 
C5: 44.6014 
B6: 45.3348 
A: 7 45.5679 
A: 9 45.9607 
C6: 46.4987 
C3: 46.5938 
B9: 46.6218 
C5: 46.6919 
C7: 46.8744 
C1: 46.9316 
B8: 47.1162 
A: 2 47.1765 
C8: 47.1981 
C9: 47.2547 
B4: 47.3828 
C2: 47.4184 
A: 3 47.4803 
A: 9 47.5058 
B2: 48.1401 
B5: 48.5794 
B7: 48.7476 
A: 3 48.7967 
C5: 49.0818 
A: 2 49.1074 
B6: 49.2451 
B5: 49.2885 
C3: 49.4787 
C3: 49.5796 
A: 10 49.8518 
A: 10 50.2944 
B1: 50.5154 
A: 4 50.5501 
C4: 50.9058 
C1: 50.9562 
new A: 51.1904 
new B10: 51.1904 
new C10: 51.1904 
A: Start at time 51.1904
B: Start at time 51.1904
C: Start at time 51.1904
C5: 51.4044 
B3: 51.8049 
A: 3 51.8354 
A: 8 52.2699 
A: 6 52.3175 
C5: 52.7205 
C7: 53.0501 
C10: 53.2098 
B1: 53.3511 
C2: 53.7215 
B10: 53.9054 
B1: 54.2855 
C2: 54.8137 
C6: 54.8689 
C8: 54.8736 
B9: 54.9436 
B5: 55.0517 
B6: 55.1603 
B4: 55.244 
A: 9 55.3272 
C9: 55.3492 
C1: 55.3745 
B6: 55.5373 
A: 4 55.5831 
A: 4 55.7291 
B4: 56.0145 
B8: 56.066 
A: 5 56.0836 
B9: 56.1653 
A: 5 56.1904 
A: 10 56.3774 
C4: 56.402 
B5: 56.6367 
B8: 56.7612 
A: 11 57.0408 
A: 12 57.0752 
C8: 57.1848 
C6: 57.3286 
A: 11 57.4754 
A: 13 57.7105 
A: 4 57.7178 
B2: 58.0229 
A: 7 58.2114 
B7: 58.2166 
A: 5 58.4485 
A: 1 58.4725 
B10: 58.4842 
A: 14 58.5387 
A: 15 58.9718 
C3: 59.3428 
A: 11 59.4135 
C7: 59.9089 
B4: 60.342 
new A: 60.79 
new B11: 60.79 
new C11: 60.79 
A: Start at time 60.79
B: Start at time 60.79
C: Start at time 60.79
B4: 60.8193 
A: 12 60.9563 
A: 6 61.2301 
C2: 61.491 
C7: 61.5288 
B6: 61.5336 
B2: 61.6785 
B3: 61.7042 
C10: 61.7145 
B10: 61.8652 
A: 5 62.0887 
C5: 62.1666 
A: 10 62.561 
A: 6 62.6438 
A: 16 62.9437 
C5: 62.9981 
C9: 63.4492 
B5: 63.6273 
B9: 63.7486 
B1: 63.7802 
C4: 64.2372 
new A: 64.7272 
new B12: 64.7272 
new C12: 64.7272 
A: Start at time 64.7272
B: Start at time 64.7272
C: Start at time 64.7272
B7: 64.8069 
new A: 64.9744 
new B13: 64.9744 
new C13: 64.9744 
A: Start at time 64.9744
B: Start at time 64.9744
C: Start at time 64.9744
C10: 65.2073 
C1: 65.2706 
A: 7 65.3061 
C6: 65.5599 
B9: 65.7723 
B6: 65.8096 
B12: 66.0366 
B8: 66.5366 
A: 12 66.5817 
A: 8 66.7093 
A: 7 66.9347 
C8: 67.0035 
C11: 67.1271 
C3: 67.1917 
C3: 67.4816 
C5: 67.6825 
A: 2 67.6828 
C2: 67.846 
A: 13 68.0482 
A: 6 68.1856 
B3: 68.2505 
B11: 68.5139 
A: 14 68.5523 
A: 7 68.6565 
B5: 68.6628 
C10: 68.6726 
A: 1 68.9289 
A: 11 69.0425 
B10: 69.1177 
C13: 69.1205 
A: 9 69.1439 
A: 3 69.4835 
A: 1 69.815 
B4: 69.8457 
B13: 70.0599 
C4: 70.2661 
A: 13 70.4284 
C9: 70.4797 
B6: 70.8005 
A: 8 70.8522 
B7: 70.8805 
C6: 70.9002 
C7: 71.079 
A: 8 71.2052 
C5: 71.2181 
B2: 71.5323 
A: 17 71.5926 
A: 6 71.6501 
C13: 71.6664 
A: 14 71.8685 
B3: 72.1607 
B2: 72.3335 
A: 12 72.4973 
B7: 72.7157 
B9: 72.7281 
A: 15 72.7863 
A: 1 72.9395 
C1: 73.1928 
B1: 73.2623 
B4: 73.3441 
B8: 73.3999 
A: 9 73.838 
B9: 74.122 
C12: 74.4703 
B2: 74.6669 
B12: 75.0432 
B5: 75.0869 
C5: 75.1366 
C10: 75.3463 
C10: 75.3653 
A: 8 75.7109 
A: 2 75.8381 
C8: 75.8725 
C11: 76.0153 
B11: 76.0961 
B8: 76.1979 
C9: 76.2652 
B9: 76.4176 
C3: 76.4343 
B5: 77.1516 
B4: 77.3724 
B13: 77.4178 
C2: 77.4844 
C1: 77.5838 
A: 4 77.5911 
C4: 77.6111 
C10: 77.6492 
B12: 77.7478 
A: 2 77.8636 
C8: 77.9635 
C8: 78.0009 
C13: 78.0342 
B13: 78.1905 
B10: 78.217 
A: 18 78.2432 
A: 5 78.3441 
B6: 78.6529 
A: 10 78.7978 
B13: 78.8135 
C10: 78.9763 
A: 13 79.1121 
C6: 79.2567 
C4: 79.389 
B7: 79.6733 
C8: 79.7069 
B1: 79.7093 
B7: 80.0019 
A: 15 80.115 
B12: 80.1451 
A: 2 80.1862 
B2: 80.3497 
A: 14 80.5449 
C7: 80.679 
A: 9 80.8057 
A: 7 80.8635 
A: 3 80.9297 
B1: 81.0652 
A: 10 81.29 
C5: 81.3968 
B8: 81.6117 
A: 19 81.635 
B3: 81.7741 
A: 16 81.8479 
A: 3 81.8485 
B4: 82.0564 
B5: 82.0991 
C4: 82.1249 
B3: 82.2133 
B11: 82.2853 
C9: 82.4703 
A: 9 82.4919 
A: 4 82.6365 
B9: 82.6405 
C3: 83.2657 
B9: 83.3121 
B2: 83.3504 
C12: 83.3779 
C2: 83.6301 
A: 16 83.6409 
B12: 83.6957 
B13: 83.7451 
B13: 83.753 
A: 17 84.1336 
A: 6 84.1382 
A: 4 84.2175 
B1: 84.2551 
A: 3 84.2922 
B7: 85.0199 
A: 11 85.227 
C11: 85.2785 
B10: 85.383 
C10: 85.4664 
B6: 85.4799 
C5: 85.4986 
B7: 85.5462 
C2: 85.7159 
C10: 85.9368 
C11: 85.9618 
C7: 86.0124 
C3: 86.0876 
B12: 86.099 
A: 15 86.1558 
A: 5 86.3256 
B8: 86.5001 
C1: 86.9861 
C12: 87.1181 
C3: 87.1563 
B13: 87.2299 
C12: 87.3194 
A: 5 87.3674 
C13: 87.4199 
A: 6 87.5213 
A: 20 88.1636 
C6: 88.5378 
A: 11 88.7532 
B12: 88.83 
C8: 88.8425 
A: 8 89.0014 
A: 18 89.0479 
B1: 89.1386 
C5: 89.171 
C9: 89.2813 
A: 7 89.2844 
B5: 89.5194 
A: 10 89.5361 
B7: 89.5822 
A: 10 89.6128 
C7: 89.7329 
C12: 90.2461 
B2: 90.2705 
B11: 90.4753 
B4: 90.5586 
C5: 90.8418 
A: 19 90.9486 
C11: 91.1589 
B8: 91.2616 
B10: 91.4195 
A: 7 91.4648 
B3: 91.4784 
C4: 91.6979 
C3: 91.9035 
B6: 92.0108 
B9: 92.2222 
A: 9 92.2468 
A: 12 92.2677 
A: 6 92.3701 
A: 17 92.452 
C2: 92.7858 
new A: 92.9329 
new B14: 92.9329 
new C14: 92.9329 
A: Start at time 92.9329
B: Start at time 92.9329
C: Start at time 92.9329
A: 20 93.2994 
A: 16 93.3945 
new A: 93.5398 
new B15: 93.5398 
new C15: 93.5398 
A: Start at time 93.5398
B: Start at time 93.5398
C: Start at time 93.5398
B5: 93.8482 
B14: 93.9284 
C13: 93.9632 
A: 21 94.0432 
A: 4 94.1694 
C10: 94.55 
B4: 94.7616 
A: 10 94.8187 
B13: 95.0189 
B10: 95.2549 
B11: 95.4401 
C4: 95.4438 
B9: 95.6612 
C1: 95.9619 
A: 21 95.9947 
A: 17 96.0523 
B12: 96.2977 
A: 1 96.439 
C11: 96.5235 
B15: 96.5302 
new A: 96.8449 
new B16: 96.8449 
new C16: 96.8449 
A: Start at time 96.8449
B: Start at time 96.8449
C: Start at time 96.8449
B12: 97.2707 
A: 12 97.3314 
C4: 97.3494 
B3: 97.419 
C2: 97.4429 
C10: 97.466 
B12: 97.4693 
B6: 97.5225 
B1: 97.5287 
B10: 97.6484 
A: 11 97.7554 
C6: 97.8119 
C8: 98.0599 
B14: 98.17 
B3: 98.4211 
B16: 98.5368 
C7: 98.563 
C9: 98.6395 
B7: 98.6456 
A: 11 98.669 
A: 18 98.7002 
B10: 98.7945 
A: 8 98.9838 
B2: 98.9997 
B8: 99.123 
B4: 99.194 
B10: 99.2102 
C4: 99.3287 
C13: 99.4548 
B5: 99.5444 
C12: 99.6299 
C7: 99.6558 
B16: 99.9702 
A: 13 99.9861 
delete B13: 100 
delete C6: 100 
delete B9: 100 
delete C7: 100 
delete A: 100 
delete A: 100 
delete A: 100 
delete B5: 100 
delete C5: 100 
delete C15: 100 
delete B14: 100 
delete A: 100 
delete C12: 100 
delete C2: 100 
delete C10: 100 
delete A: 100 
delete A: 100 
delete C3: 100 
delete C14: 100 
delete A: 100 
delete C1: 100 
delete A: 100 
delete A: 100 
delete B7: 100 
delete B2: 100 
delete C13: 100 
delete A: 100 
delete B11: 100 
delete C8: 100 
delete C4: 100 
delete C11: 100 
delete A: 100 
delete A: 100 
delete A: 100 
delete A: 100 
delete A: 100 
delete C16: 100 
delete B12: 100 
delete B10: 100 
delete B8: 100 
delete B15: 100 
delete B1: 100 
delete A: 100 
delete B3: 100 
delete B6: 100 
delete C9: 100 
delete B4: 100 
delete B16: 100 

===== END =====
