
===== BEGIN =====

===== Init1 =====

===== Run1 =====
new A1: 0 
new B1: 0 
A1: 0.116835 b=2 (>1)
delete A1: 0.116835 
new A2: 5.19139 
new B2: 5.19139 
B1: 5.19139 b=1 (<2)
B2: 5.19139 b=1 (<2)
new A3: 8.05575 
new B3: 8.05575 
B3: 8.05575 b=1 (<2)
new A4: 39.7967 
new B4: 39.7967 
B4: 39.7967 b=0 (<2)
new A5: 44.8298 
new B5: 44.8298 
A2: 44.8298 b=2 (>1)
delete A2: 44.8298 
B3: 44.8298 b=2 (>1)
B2: 44.8298 b=2 (>1)
B1: 44.8298 b=2 (>1)
A3: 44.8298 b=2 (>1)
delete A3: 44.8298 
A4: 44.8298 b=2 (>1)
delete A4: 44.8298 
B4: 47.3824 b=2 (>1)
new A6: 47.7331 
new B6: 47.7331 
B3: 47.7331 b=3 (>2)
delete B3: 47.7331 
B2: 47.7331 b=3 (>2)
delete B2: 47.7331 
B1: 47.7331 b=3 (>2)
delete B1: 47.7331 
B4: 47.7331 b=3 (>2)
delete B4: 47.7331 
A5: 51.8599 b=3 (>1)
delete A5: 51.8599 
A6: 56.2187 b=3 (>1)
delete A6: 56.2187 
new A7: 57.4982 
new B7: 57.4982 
new A8: 59.1967 
new B8: 59.1967 
B5: 59.1967 b=1 (<2)
B6: 59.1967 b=1 (<2)
B7: 59.1967 b=1 (<2)
B8: 59.1967 b=1 (<2)
new A9: 75.1512 
new B9: 75.1512 
B9: 75.1512 b=1 (<2)
new A10: 82.421 
new B10: 82.421 
B10: 82.421 b=1 (<2)
new A11: 83.9167 
new B11: 83.9167 
B11: 83.9167 b=1 (<2)

===== Init2 =====
delete A7: 0 
delete B6: 0 
delete B8: 0 
delete A8: 0 
delete B7: 0 
delete B5: 0 
delete B9: 0 
delete A9: 0 
delete B10: 0 
delete A11: 0 
delete A10: 0 
delete B11: 0 

===== Run2 =====
new A12: 0 
new B12: 0 
A12: 5.75183 b=2 (>1)
delete A12: 5.75183 
new A13: 6.56533 
new B13: 6.56533 
B12: 6.56533 b=1 (<2)
B13: 6.56533 b=1 (<2)
new A14: 14.8011 
new B14: 14.8011 
B12: 14.8011 b=2 (>1)
B13: 14.8011 b=2 (>1)
A13: 14.8011 b=2 (>1)
delete A13: 14.8011 
new A15: 15.571 
new B15: 15.571 
new A16: 20.8874 
new B16: 20.8874 
A14: 22.2735 b=2 (>1)
delete A14: 22.2735 
A15: 23.3451 b=2 (>1)
delete A15: 23.3451 
A16: 26.6568 b=2 (>1)
delete A16: 26.6568 
new A17: 31.8705 
new B17: 31.8705 
B14: 31.8705 b=1 (<2)
B15: 31.8705 b=1 (<2)
B16: 31.8705 b=1 (<2)
B17: 31.8705 b=1 (<2)
new A18: 32.5669 
new B18: 32.5669 
B14: 33.1704 b=2 (>1)
A18: 34.6997 b=2 (>1)
delete A18: 34.6997 
B16: 36.7389 b=2 (>1)
B17: 39.6596 b=2 (>1)
B15: 39.9727 b=2 (>1)
A17: 40.3102 b=2 (>1)
delete A17: 40.3102 
new A19: 50.1728 
new B19: 50.1728 
B18: 50.1728 b=0 (<2)
B19: 50.1728 b=0 (<2)
new A20: 52.1475 
new B20: 52.1475 
B12: 52.1475 b=3 (>2)
delete B12: 52.1475 
B13: 52.1475 b=3 (>2)
delete B13: 52.1475 
B14: 52.1475 b=3 (>2)
delete B14: 52.1475 
B16: 52.1475 b=3 (>2)
delete B16: 52.1475 
B17: 52.1475 b=3 (>2)
delete B17: 52.1475 
B15: 52.1475 b=3 (>2)
delete B15: 52.1475 
new A21: 52.1816 
new B21: 52.1816 
B20: 52.1816 b=0 (<2)
B21: 52.1816 b=0 (<2)
new A22: 54.232 
new B22: 54.232 
B22: 54.232 b=0 (<2)
new A23: 58.3524 
new B23: 58.3524 
B23: 58.3524 b=0 (<2)
new A24: 63.2492 
new B24: 63.2492 
B24: 63.2492 b=0 (<2)
new A25: 65.9916 
new B25: 65.9916 
B25: 65.9916 b=1 (<2)
new A26: 66.859 
new B26: 66.859 
B26: 66.859 b=1 (<2)
new A27: 70.8746 
new B27: 70.8746 
B27: 70.8746 b=0 (<2)
new A28: 82.4152 
new B28: 82.4152 
A21: 82.4152 b=3 (>1)
delete A21: 82.4152 
A20: 82.4152 b=3 (>1)
delete A20: 82.4152 
B19: 82.4152 b=3 (>1)
B19: 82.4152 b=3 (>2)
delete B19: 82.4152 
A19: 82.4152 b=3 (>1)
delete A19: 82.4152 
A22: 82.4152 b=3 (>1)
delete A22: 82.4152 
B18: 82.4152 b=3 (>1)
B18: 82.4152 b=3 (>2)
delete B18: 82.4152 
B20: 82.4152 b=3 (>1)
B20: 82.4152 b=3 (>2)
delete B20: 82.4152 
B21: 82.4152 b=3 (>1)
B21: 82.4152 b=3 (>2)
delete B21: 82.4152 
B22: 82.4152 b=3 (>1)
B22: 82.4152 b=3 (>2)
delete B22: 82.4152 
B23: 82.4152 b=3 (>1)
B23: 82.4152 b=3 (>2)
delete B23: 82.4152 
B24: 82.4152 b=3 (>1)
B24: 82.4152 b=3 (>2)
delete B24: 82.4152 
A23: 82.4152 b=3 (>1)
delete A23: 82.4152 
A26: 82.4152 b=3 (>1)
delete A26: 82.4152 
A24: 82.4152 b=3 (>1)
delete A24: 82.4152 
B25: 82.4152 b=3 (>1)
B25: 82.4152 b=3 (>2)
delete B25: 82.4152 
A27: 82.4152 b=3 (>1)
delete A27: 82.4152 
A25: 82.4152 b=3 (>1)
delete A25: 82.4152 
B26: 82.4152 b=3 (>1)
B26: 82.4152 b=3 (>2)
delete B26: 82.4152 
B27: 82.4152 b=3 (>1)
B27: 82.4152 b=3 (>2)
delete B27: 82.4152 
new A29: 88.1199 
new B29: 88.1199 
B28: 88.1199 b=0 (<2)
B29: 88.1199 b=0 (<2)

===== Init3 =====
delete A29: 0 
delete A28: 0 
delete B28: 0 
delete B29: 0 

===== Run3 =====
new A30: 0 
new B30: 0 
B30: 0 b=0 (<2)
new A31: 0.664236 
new B31: 0.664236 
B31: 0.664236 b=1 (<2)
new A32: 0.818633 
new B32: 0.818633 
A32: 1.14326 b=2 (>1)
delete A32: 1.14326 
A30: 2.15592 b=2 (>1)
delete A30: 2.15592 
A31: 2.19079 b=2 (>1)
delete A31: 2.19079 
new A33: 2.26734 
new B33: 2.26734 
B32: 2.26734 b=1 (<2)
B33: 2.26734 b=1 (<2)
new A34: 5.40592 
new B34: 5.40592 
A33: 7.85466 b=3 (>1)
delete A33: 7.85466 
B30: 8.35407 b=3 (>1)
B30: 8.35407 b=3 (>2)
delete B30: 8.35407 
B31: 8.39568 b=3 (>1)
B31: 8.39568 b=3 (>2)
delete B31: 8.39568 
B33: 9.74662 b=3 (>1)
B33: 9.74662 b=3 (>2)
delete B33: 9.74662 
A34: 9.76171 b=3 (>1)
delete A34: 9.76171 
B32: 10.3347 b=3 (>1)
B32: 10.3347 b=3 (>2)
delete B32: 10.3347 
new A35: 10.3716 
new B35: 10.3716 
new A36: 14.7546 
new B36: 14.7546 
B34: 14.7546 b=0 (<2)
B35: 14.7546 b=0 (<2)
B36: 14.7546 b=0 (<2)
new A37: 22.1541 
new B37: 22.1541 
B37: 22.1541 b=1 (<2)
new A38: 26.6034 
new B38: 26.6034 
A35: 26.6034 b=3 (>1)
delete A35: 26.6034 
B34: 26.6034 b=3 (>1)
B34: 26.6034 b=3 (>2)
delete B34: 26.6034 
B35: 26.6034 b=3 (>1)
B35: 26.6034 b=3 (>2)
delete B35: 26.6034 
B37: 26.6034 b=3 (>1)
B37: 26.6034 b=3 (>2)
delete B37: 26.6034 
B36: 26.6034 b=3 (>1)
B36: 26.6034 b=3 (>2)
delete B36: 26.6034 
A36: 26.6034 b=3 (>1)
delete A36: 26.6034 
new A39: 29.2331 
new B39: 29.2331 
B38: 29.2331 b=0 (<2)
B39: 29.2331 b=0 (<2)
new A40: 31.669 
new B40: 31.669 
B40: 31.669 b=0 (<2)
new A41: 35.874 
new B41: 35.874 
B41: 35.874 b=1 (<2)
new A42: 51.4508 
new B42: 51.4508 
B42: 51.4508 b=1 (<2)
new A43: 51.6182 
new B43: 51.6182 
A37: 51.6182 b=3 (>1)
delete A37: 51.6182 
A39: 51.6182 b=3 (>1)
delete A39: 51.6182 
A38: 51.6182 b=3 (>1)
delete A38: 51.6182 
A40: 51.6182 b=3 (>1)
delete A40: 51.6182 
B39: 51.6182 b=3 (>1)
B39: 51.6182 b=3 (>2)
delete B39: 51.6182 
B40: 51.6182 b=3 (>1)
B40: 51.6182 b=3 (>2)
delete B40: 51.6182 
A41: 51.6182 b=3 (>1)
delete A41: 51.6182 
B38: 51.6182 b=3 (>1)
B38: 51.6182 b=3 (>2)
delete B38: 51.6182 
B41: 51.6182 b=3 (>1)
B41: 51.6182 b=3 (>2)
delete B41: 51.6182 
new A44: 55.4402 
new B44: 55.4402 
B43: 55.4402 b=1 (<2)
B44: 55.4402 b=1 (<2)
new A45: 63.6347 
new B45: 63.6347 
B45: 63.6347 b=1 (<2)
new A46: 67.0616 
new B46: 67.0616 
B42: 67.0616 b=2 (>1)
A42: 67.0616 b=2 (>1)
delete A42: 67.0616 
A43: 67.0616 b=2 (>1)
delete A43: 67.0616 
A44: 67.0616 b=2 (>1)
delete A44: 67.0616 
B43: 67.0616 b=2 (>1)
B44: 67.0616 b=2 (>1)
B45: 67.0616 b=2 (>1)
A46: 67.7795 b=2 (>1)
delete A46: 67.7795 
A45: 68.1981 b=2 (>1)
delete A45: 68.1981 
new A47: 73.0839 
new B47: 73.0839 
B42: 73.0839 b=3 (>2)
delete B42: 73.0839 
B43: 73.0839 b=3 (>2)
delete B43: 73.0839 
B44: 73.0839 b=3 (>2)
delete B44: 73.0839 
B45: 73.0839 b=3 (>2)
delete B45: 73.0839 
A47: 80.6509 b=3 (>1)
delete A47: 80.6509 
new A48: 84.104 
new B48: 84.104 
B46: 84.104 b=1 (<2)
B47: 84.104 b=1 (<2)
B48: 84.104 b=1 (<2)
new A49: 88.499 
new B49: 88.499 
B48: 88.499 b=2 (>1)
A48: 90.2864 b=2 (>1)
delete A48: 90.2864 
B47: 92.8683 b=2 (>1)
B46: 93.4591 b=2 (>1)
A49: 93.7305 b=2 (>1)
delete A49: 93.7305 

===== END =====
delete B48: 100 
delete B49: 100 
delete B47: 100 
delete B46: 100 
